"\u001b[2m2025-12-30T11:38:50.301697Z\u001b[0m [\u001b[32m\u001b[1minfo     \u001b[0m] \u001b[1m\ube0c\ub77c\uc6b0\uc800 \uc2dc\uc791                       \u001b[0m"
"\u001b[2m2025-12-30T11:38:51.071235Z\u001b[0m [\u001b[32m\u001b[1minfo     \u001b[0m] \u001b[1m\ube0c\ub77c\uc6b0\uc800 \uc2dc\uc791 \uc644\ub8cc                    \u001b[0m"
"\u001b[2m2025-12-30T11:38:51.071341Z\u001b[0m [\u001b[32m\u001b[1minfo     \u001b[0m] \u001b[1m\ud83d\udce1 APIMonitor \ucd08\uae30\ud654              \u001b[0m"
"\u001b[2m2025-12-30T11:38:51.071369Z\u001b[0m [\u001b[32m\u001b[1minfo     \u001b[0m] \u001b[1m======================================================================\u001b[0m"
"\u001b[2m2025-12-30T11:38:51.071388Z\u001b[0m [\u001b[32m\u001b[1minfo     \u001b[0m] \u001b[1m\ud83d\udce1 API \ubaa8\ub2c8\ud130\ub9c1 \uc2dc\uc791                 \u001b[0m"
"\u001b[2m2025-12-30T11:38:51.071402Z\u001b[0m [\u001b[32m\u001b[1minfo     \u001b[0m] \u001b[1m======================================================================\u001b[0m"
"\u001b[2m2025-12-30T11:38:51.077157Z\u001b[0m [\u001b[32m\u001b[1minfo     \u001b[0m] \u001b[1m\u2705 \ubaa8\ub2c8\ud130\ub9c1 \ud65c\uc131\ud654\n                   \u001b[0m"
"\u001b[2m2025-12-30T11:38:52.161542Z\u001b[0m [\u001b[32m\u001b[1minfo     \u001b[0m] \u001b[1m\ud83d\udce1 \ucea1\ucc98: POST 200 https://hi-phone.kr/php/goods_plan_json.php\u001b[0m"
"\u001b[2m2025-12-30T11:38:52.161658Z\u001b[0m [\u001b[32m\u001b[1minfo     \u001b[0m] \u001b[1m\ud83d\udce1 \ucea1\ucc98: POST 200 https://hi-phone.kr/php/goods_support_price_json.php\u001b[0m"
"\u001b[2m2025-12-30T11:38:52.162532Z\u001b[0m [\u001b[32m\u001b[1minfo     \u001b[0m] \u001b[1m\ud83d\udce1 \ucea1\ucc98: POST 200 https://hi-phone.kr/php/goods_plan_json.php\u001b[0m"
"\u001b[2m2025-12-30T11:38:52.162726Z\u001b[0m [\u001b[32m\u001b[1minfo     \u001b[0m] \u001b[1m\ud83d\udce1 \ucea1\ucc98: POST 200 https://hi-phone.kr/index.php?channel=review&sort=uid%20DESC&limit=10&page=1\u001b[0m"
"\u001b[2m2025-12-30T11:38:52.162774Z\u001b[0m [\u001b[32m\u001b[1minfo     \u001b[0m] \u001b[1m\ud83d\udce1 \ucea1\ucc98: POST 200 https://hi-phone.kr/php/goods_support_price_json.php\u001b[0m"
"\u001b[2m2025-12-30T11:38:52.163020Z\u001b[0m [\u001b[32m\u001b[1minfo     \u001b[0m] \u001b[1m\ud83d\udce1 \ucea1\ucc98: POST 200 https://hi-phone.kr/php/goods_support_price_json.php\u001b[0m"
"\u001b[2m2025-12-30T11:38:52.636762Z\u001b[0m [\u001b[32m\u001b[1minfo     \u001b[0m] \u001b[1m\ud83d\udce1 \ucea1\ucc98: GET 200 https://nam.veta.naver.com/nac/2\u001b[0m"
"\u001b[2m2025-12-30T11:38:53.330081Z\u001b[0m [\u001b[32m\u001b[1minfo     \u001b[0m] \u001b[1m\ud83d\udce1 \ucea1\ucc98: GET 200 https://service-api.flarelane.com/internal/v1/projects/fcaf796d-d57b-4492-b923-c\u001b[0m"
"\u001b[2m2025-12-30T11:39:05.162591Z\u001b[0m [\u001b[32m\u001b[1minfo     \u001b[0m] \u001b[1m======================================================================\u001b[0m"
"\u001b[2m2025-12-30T11:39:05.163032Z\u001b[0m [\u001b[32m\u001b[1minfo     \u001b[0m] \u001b[1m\ud83d\udcca API \ubaa8\ub2c8\ud130\ub9c1 \uc694\uc57d                 \u001b[0m"
"\u001b[2m2025-12-30T11:39:05.163212Z\u001b[0m [\u001b[32m\u001b[1minfo     \u001b[0m] \u001b[1m======================================================================\u001b[0m"
"\u001b[2m2025-12-30T11:39:05.163342Z\u001b[0m [\u001b[32m\u001b[1minfo     \u001b[0m] \u001b[1m\ucd1d API \ud638\ucd9c: 8\uac1c                  \u001b[0m"
"\u001b[2m2025-12-30T11:39:05.163458Z\u001b[0m [\u001b[32m\u001b[1minfo     \u001b[0m] \u001b[1m\uace0\uc720 URL: 5\uac1c                    \u001b[0m"
"\u001b[2m2025-12-30T11:39:05.163564Z\u001b[0m [\u001b[32m\u001b[1minfo     \u001b[0m] \u001b[1mGET: 2\uac1c, POST: 6\uac1c             \u001b[0m"
"\u001b[2m2025-12-30T11:39:05.163666Z\u001b[0m [\u001b[32m\u001b[1minfo     \u001b[0m] \u001b[1m\n\ucd5c\uadfc API (\ucd5c\ub300 5\uac1c):              \u001b[0m"
"\u001b[2m2025-12-30T11:39:05.163769Z\u001b[0m [\u001b[32m\u001b[1minfo     \u001b[0m] \u001b[1m  \u2022 POST https://hi-phone.kr/index.php?channel=review&sort=uid%20DESC&limit=10&\u001b[0m"
"\u001b[2m2025-12-30T11:39:05.163927Z\u001b[0m [\u001b[32m\u001b[1minfo     \u001b[0m] \u001b[1m  \u2022 POST https://hi-phone.kr/php/goods_support_price_json.php\u001b[0m"
"\u001b[2m2025-12-30T11:39:05.164028Z\u001b[0m [\u001b[32m\u001b[1minfo     \u001b[0m] \u001b[1m  \u2022 POST https://hi-phone.kr/php/goods_support_price_json.php\u001b[0m"
"\u001b[2m2025-12-30T11:39:05.164120Z\u001b[0m [\u001b[32m\u001b[1minfo     \u001b[0m] \u001b[1m  \u2022 GET https://nam.veta.naver.com/nac/2\u001b[0m"
"\u001b[2m2025-12-30T11:39:05.164177Z\u001b[0m [\u001b[32m\u001b[1minfo     \u001b[0m] \u001b[1m  \u2022 GET https://service-api.flarelane.com/internal/v1/projects/fcaf796d-d57b-4\u001b[0m"
"\u001b[2m2025-12-30T11:39:05.164232Z\u001b[0m [\u001b[32m\u001b[1minfo     \u001b[0m] \u001b[1m======================================================================\n\u001b[0m"
"\u001b[2m2025-12-30T11:39:05.164345Z\u001b[0m [\u001b[32m\u001b[1minfo     \u001b[0m] \u001b[1m\ube0c\ub77c\uc6b0\uc800 \uc885\ub8cc                       \u001b[0m"
"\u001b[2m2025-12-30T11:39:05.321707Z\u001b[0m [\u001b[32m\u001b[1minfo     \u001b[0m] \u001b[1m\ube0c\ub77c\uc6b0\uc800 \uc885\ub8cc \uc644\ub8cc                    \u001b[0m"
