"\u001b[2m2025-12-30T11:58:24.757242Z\u001b[0m [\u001b[32m\u001b[1minfo     \u001b[0m] \u001b[1m\ube0c\ub77c\uc6b0\uc800 \uc2dc\uc791                       \u001b[0m"
"\u001b[2m2025-12-30T11:58:25.514122Z\u001b[0m [\u001b[32m\u001b[1minfo     \u001b[0m] \u001b[1m\ube0c\ub77c\uc6b0\uc800 \uc2dc\uc791 \uc644\ub8cc                    \u001b[0m"
"\u001b[2m2025-12-30T11:58:25.514254Z\u001b[0m [\u001b[32m\u001b[1minfo     \u001b[0m] \u001b[1m\ud83d\udce1 APIMonitor \ucd08\uae30\ud654              \u001b[0m"
"\u001b[2m2025-12-30T11:58:25.514282Z\u001b[0m [\u001b[32m\u001b[1minfo     \u001b[0m] \u001b[1m======================================================================\u001b[0m"
"\u001b[2m2025-12-30T11:58:25.514299Z\u001b[0m [\u001b[32m\u001b[1minfo     \u001b[0m] \u001b[1m\ud83d\udce1 API \ubaa8\ub2c8\ud130\ub9c1 \uc2dc\uc791                 \u001b[0m"
"\u001b[2m2025-12-30T11:58:25.514332Z\u001b[0m [\u001b[32m\u001b[1minfo     \u001b[0m] \u001b[1m======================================================================\u001b[0m"
"\u001b[2m2025-12-30T11:58:25.516340Z\u001b[0m [\u001b[32m\u001b[1minfo     \u001b[0m] \u001b[1m\u2705 \ubaa8\ub2c8\ud130\ub9c1 \ud65c\uc131\ud654\n                   \u001b[0m"
"\u001b[2m2025-12-30T11:58:27.318916Z\u001b[0m [\u001b[32m\u001b[1minfo     \u001b[0m] \u001b[1m\ud83d\udce1 \ucea1\ucc98: POST 200 https://ddingphone.com/mshop/ajax.mshop.php\u001b[0m"
"\u001b[2m2025-12-30T11:58:27.319346Z\u001b[0m [\u001b[32m\u001b[1minfo     \u001b[0m] \u001b[1m\ud83d\udce1 \ucea1\ucc98: POST 200 https://ddingphone.com/mshop/ajax.mshop.php\u001b[0m"
"\u001b[2m2025-12-30T11:58:27.323411Z\u001b[0m [\u001b[32m\u001b[1minfo     \u001b[0m] \u001b[1m\ud83d\udce1 \ucea1\ucc98: POST 200 https://ddingphone.com/mshop/ajax.mshop.php\u001b[0m"
"\u001b[2m2025-12-30T11:58:27.325558Z\u001b[0m [\u001b[32m\u001b[1minfo     \u001b[0m] \u001b[1m\ud83d\udce1 \ucea1\ucc98: POST 200 https://ddingphone.com/mshop/ajax.mshop.php\u001b[0m"
"\u001b[2m2025-12-30T11:58:40.302087Z\u001b[0m [\u001b[32m\u001b[1minfo     \u001b[0m] \u001b[1m======================================================================\u001b[0m"
"\u001b[2m2025-12-30T11:58:40.302296Z\u001b[0m [\u001b[32m\u001b[1minfo     \u001b[0m] \u001b[1m\ud83d\udcca API \ubaa8\ub2c8\ud130\ub9c1 \uc694\uc57d                 \u001b[0m"
"\u001b[2m2025-12-30T11:58:40.302360Z\u001b[0m [\u001b[32m\u001b[1minfo     \u001b[0m] \u001b[1m======================================================================\u001b[0m"
"\u001b[2m2025-12-30T11:58:40.302407Z\u001b[0m [\u001b[32m\u001b[1minfo     \u001b[0m] \u001b[1m\ucd1d API \ud638\ucd9c: 4\uac1c                  \u001b[0m"
"\u001b[2m2025-12-30T11:58:40.302447Z\u001b[0m [\u001b[32m\u001b[1minfo     \u001b[0m] \u001b[1m\uace0\uc720 URL: 1\uac1c                    \u001b[0m"
"\u001b[2m2025-12-30T11:58:40.302482Z\u001b[0m [\u001b[32m\u001b[1minfo     \u001b[0m] \u001b[1mGET: 0\uac1c, POST: 4\uac1c             \u001b[0m"
"\u001b[2m2025-12-30T11:58:40.302513Z\u001b[0m [\u001b[32m\u001b[1minfo     \u001b[0m] \u001b[1m\n\ucd5c\uadfc API (\ucd5c\ub300 5\uac1c):              \u001b[0m"
"\u001b[2m2025-12-30T11:58:40.302545Z\u001b[0m [\u001b[32m\u001b[1minfo     \u001b[0m] \u001b[1m  \u2022 POST https://ddingphone.com/mshop/ajax.mshop.php\u001b[0m"
"\u001b[2m2025-12-30T11:58:40.302578Z\u001b[0m [\u001b[32m\u001b[1minfo     \u001b[0m] \u001b[1m  \u2022 POST https://ddingphone.com/mshop/ajax.mshop.php\u001b[0m"
"\u001b[2m2025-12-30T11:58:40.302611Z\u001b[0m [\u001b[32m\u001b[1minfo     \u001b[0m] \u001b[1m  \u2022 POST https://ddingphone.com/mshop/ajax.mshop.php\u001b[0m"
"\u001b[2m2025-12-30T11:58:40.302639Z\u001b[0m [\u001b[32m\u001b[1minfo     \u001b[0m] \u001b[1m  \u2022 POST https://ddingphone.com/mshop/ajax.mshop.php\u001b[0m"
"\u001b[2m2025-12-30T11:58:40.302666Z\u001b[0m [\u001b[32m\u001b[1minfo     \u001b[0m] \u001b[1m======================================================================\n\u001b[0m"
"\u001b[2m2025-12-30T11:58:40.302710Z\u001b[0m [\u001b[32m\u001b[1minfo     \u001b[0m] \u001b[1m\ube0c\ub77c\uc6b0\uc800 \uc885\ub8cc                       \u001b[0m"
"\u001b[2m2025-12-30T11:58:40.442731Z\u001b[0m [\u001b[32m\u001b[1minfo     \u001b[0m] \u001b[1m\ube0c\ub77c\uc6b0\uc800 \uc885\ub8cc \uc644\ub8cc                    \u001b[0m"
