"\u001b[2m2025-12-27T14:30:15.677005Z\u001b[0m [\u001b[32m\u001b[1minfo     \u001b[0m] \u001b[1m\uc0c8\ub85c\uc6b4 \uc0c1\ud0dc \ud30c\uc77c \uc0dd\uc131                  \u001b[0m"
"\u001b[2m2025-12-27T14:30:15.678410Z\u001b[0m [\u001b[32m\u001b[1minfo     \u001b[0m] \u001b[1m\uc0c8\ub85c\uc6b4 \uc0c1\ud0dc \ud30c\uc77c \uc0dd\uc131                  \u001b[0m"
"\u001b[2m2025-12-27T14:30:15.681262Z\u001b[0m [\u001b[32m\u001b[1minfo     \u001b[0m] \u001b[1m\uc0c1\ud0dc \ub85c\ub4dc \uc644\ub8cc                      \u001b[0m \u001b[36mstates\u001b[0m=\u001b[35m0\u001b[0m \u001b[36murls\u001b[0m=\u001b[35m2\u001b[0m"
"\u001b[2m2025-12-27T14:30:15.682595Z\u001b[0m [\u001b[32m\u001b[1minfo     \u001b[0m] \u001b[1m\ube0c\ub77c\uc6b0\uc800 \uc2dc\uc791                       \u001b[0m"
"\u001b[2m2025-12-27T14:30:16.743849Z\u001b[0m [\u001b[32m\u001b[1minfo     \u001b[0m] \u001b[1m\ube0c\ub77c\uc6b0\uc800 \uc2dc\uc791 \uc644\ub8cc                    \u001b[0m"
"\u001b[2m2025-12-27T14:30:16.743935Z\u001b[0m [\u001b[32m\u001b[1minfo     \u001b[0m] \u001b[1m\ube0c\ub77c\uc6b0\uc800 \uc885\ub8cc                       \u001b[0m"
"\u001b[2m2025-12-27T14:30:16.794691Z\u001b[0m [\u001b[32m\u001b[1minfo     \u001b[0m] \u001b[1m\ube0c\ub77c\uc6b0\uc800 \uc885\ub8cc \uc644\ub8cc                    \u001b[0m"
"\u001b[2m2025-12-27T14:30:16.796134Z\u001b[0m [\u001b[32m\u001b[1minfo     \u001b[0m] \u001b[1m\ube0c\ub77c\uc6b0\uc800 \uc2dc\uc791                       \u001b[0m"
"\u001b[2m2025-12-27T14:30:17.221171Z\u001b[0m [\u001b[32m\u001b[1minfo     \u001b[0m] \u001b[1m\ube0c\ub77c\uc6b0\uc800 \uc2dc\uc791 \uc644\ub8cc                    \u001b[0m"
"\u001b[2m2025-12-27T14:30:17.221367Z\u001b[0m [\u001b[32m\u001b[1minfo     \u001b[0m] \u001b[1m\ud398\uc774\uc9c0 \uc774\ub3d9: https://example.com   \u001b[0m"
"\u001b[2m2025-12-27T14:30:17.811391Z\u001b[0m [\u001b[32m\u001b[1minfo     \u001b[0m] \u001b[1m\ud398\uc774\uc9c0 \ub85c\ub529 \uc644\ub8cc: https://example.com\u001b[0m"
"\u001b[2m2025-12-27T14:30:17.826672Z\u001b[0m [\u001b[32m\u001b[1minfo     \u001b[0m] \u001b[1m\ube0c\ub77c\uc6b0\uc800 \uc885\ub8cc                       \u001b[0m"
"\u001b[2m2025-12-27T14:30:17.852548Z\u001b[0m [\u001b[32m\u001b[1minfo     \u001b[0m] \u001b[1m\ube0c\ub77c\uc6b0\uc800 \uc885\ub8cc \uc644\ub8cc                    \u001b[0m"
"\u001b[2m2025-12-27T14:30:17.853886Z\u001b[0m [\u001b[32m\u001b[1minfo     \u001b[0m] \u001b[1m\ube0c\ub77c\uc6b0\uc800 \uc2dc\uc791                       \u001b[0m"
"\u001b[2m2025-12-27T14:30:18.206256Z\u001b[0m [\u001b[32m\u001b[1minfo     \u001b[0m] \u001b[1m\ube0c\ub77c\uc6b0\uc800 \uc2dc\uc791 \uc644\ub8cc                    \u001b[0m"
"\u001b[2m2025-12-27T14:30:18.266915Z\u001b[0m [\u001b[32m\u001b[1minfo     \u001b[0m] \u001b[1m\uc0c8 \ud398\uc774\uc9c0 \uc0dd\uc131                      \u001b[0m"
"\u001b[2m2025-12-27T14:30:18.267031Z\u001b[0m [\u001b[32m\u001b[1minfo     \u001b[0m] \u001b[1m\ube0c\ub77c\uc6b0\uc800 \uc885\ub8cc                       \u001b[0m"
"\u001b[2m2025-12-27T14:30:18.293384Z\u001b[0m [\u001b[32m\u001b[1minfo     \u001b[0m] \u001b[1m\ube0c\ub77c\uc6b0\uc800 \uc885\ub8cc \uc644\ub8cc                    \u001b[0m"
"\u001b[2m2025-12-27T14:30:18.294438Z\u001b[0m [\u001b[32m\u001b[1minfo     \u001b[0m] \u001b[1m\ud14c\uc2a4\ud2b8 \ub85c\uadf8 \uba54\uc2dc\uc9c0                    \u001b[0m \u001b[36mtest_key\u001b[0m=\u001b[35mtest_value\u001b[0m"
"\u001b[2m2025-12-27T14:30:18.294479Z\u001b[0m [\u001b[33m\u001b[1mwarning  \u001b[0m] \u001b[1m\uacbd\uace0 \uba54\uc2dc\uc9c0                        \u001b[0m"
"\u001b[2m2025-12-27T14:30:18.657269Z\u001b[0m [\u001b[32m\u001b[1minfo     \u001b[0m] \u001b[1m\uc0c1\ud0dc \ub85c\ub4dc \uc644\ub8cc                      \u001b[0m \u001b[36mstates\u001b[0m=\u001b[35m0\u001b[0m \u001b[36murls\u001b[0m=\u001b[35m1\u001b[0m"
"\u001b[2m2025-12-27T14:30:18.657329Z\u001b[0m [\u001b[32m\u001b[1minfo     \u001b[0m] \u001b[1m\ud1b5\ud569 \ud14c\uc2a4\ud2b8 \uc2dc\uc791                     \u001b[0m"
"\u001b[2m2025-12-27T14:30:18.657353Z\u001b[0m [\u001b[32m\u001b[1minfo     \u001b[0m] \u001b[1m\ube0c\ub77c\uc6b0\uc800 \uc2dc\uc791                       \u001b[0m"
"\u001b[2m2025-12-27T14:30:19.019671Z\u001b[0m [\u001b[32m\u001b[1minfo     \u001b[0m] \u001b[1m\ube0c\ub77c\uc6b0\uc800 \uc2dc\uc791 \uc644\ub8cc                    \u001b[0m"
"\u001b[2m2025-12-27T14:30:19.019835Z\u001b[0m [\u001b[32m\u001b[1minfo     \u001b[0m] \u001b[1m\ud398\uc774\uc9c0 \uc774\ub3d9: https://example.com   \u001b[0m"
"\u001b[2m2025-12-27T14:30:19.576687Z\u001b[0m [\u001b[32m\u001b[1minfo     \u001b[0m] \u001b[1m\ud398\uc774\uc9c0 \ub85c\ub529 \uc644\ub8cc: https://example.com\u001b[0m"
"\u001b[2m2025-12-27T14:30:19.773533Z\u001b[0m [\u001b[32m\u001b[1minfo     \u001b[0m] \u001b[1m\ube0c\ub77c\uc6b0\uc800 \uc885\ub8cc                       \u001b[0m"
"\u001b[2m2025-12-27T14:30:19.806719Z\u001b[0m [\u001b[32m\u001b[1minfo     \u001b[0m] \u001b[1m\ube0c\ub77c\uc6b0\uc800 \uc885\ub8cc \uc644\ub8cc                    \u001b[0m"
