"\u001b[2m2025-12-30T11:56:47.501998Z\u001b[0m [\u001b[32m\u001b[1minfo     \u001b[0m] \u001b[1m\ube0c\ub77c\uc6b0\uc800 \uc2dc\uc791                       \u001b[0m"
"\u001b[2m2025-12-30T11:56:48.395173Z\u001b[0m [\u001b[32m\u001b[1minfo     \u001b[0m] \u001b[1m\ube0c\ub77c\uc6b0\uc800 \uc2dc\uc791 \uc644\ub8cc                    \u001b[0m"
"\u001b[2m2025-12-30T11:56:48.395494Z\u001b[0m [\u001b[32m\u001b[1minfo     \u001b[0m] \u001b[1m\ud83d\udce1 APIMonitor \ucd08\uae30\ud654              \u001b[0m"
"\u001b[2m2025-12-30T11:56:48.395534Z\u001b[0m [\u001b[32m\u001b[1minfo     \u001b[0m] \u001b[1m======================================================================\u001b[0m"
"\u001b[2m2025-12-30T11:56:48.395554Z\u001b[0m [\u001b[32m\u001b[1minfo     \u001b[0m] \u001b[1m\ud83d\udce1 API \ubaa8\ub2c8\ud130\ub9c1 \uc2dc\uc791                 \u001b[0m"
"\u001b[2m2025-12-30T11:56:48.395570Z\u001b[0m [\u001b[32m\u001b[1minfo     \u001b[0m] \u001b[1m======================================================================\u001b[0m"
"\u001b[2m2025-12-30T11:56:48.396886Z\u001b[0m [\u001b[32m\u001b[1minfo     \u001b[0m] \u001b[1m\u2705 \ubaa8\ub2c8\ud130\ub9c1 \ud65c\uc131\ud654\n                   \u001b[0m"
"\u001b[2m2025-12-30T11:56:50.398165Z\u001b[0m [\u001b[32m\u001b[1minfo     \u001b[0m] \u001b[1m\ud83d\udce1 \ucea1\ucc98: POST 200 https://ddingphone.com/mshop/ajax.mshop.php\u001b[0m"
"\u001b[2m2025-12-30T11:56:50.398449Z\u001b[0m [\u001b[32m\u001b[1minfo     \u001b[0m] \u001b[1m\ud83d\udce1 \ucea1\ucc98: POST 200 https://ddingphone.com/mshop/ajax.mshop.php\u001b[0m"
"\u001b[2m2025-12-30T11:56:50.401003Z\u001b[0m [\u001b[32m\u001b[1minfo     \u001b[0m] \u001b[1m\ud83d\udce1 \ucea1\ucc98: POST 200 https://ddingphone.com/mshop/ajax.mshop.php\u001b[0m"
"\u001b[2m2025-12-30T11:56:50.401671Z\u001b[0m [\u001b[32m\u001b[1minfo     \u001b[0m] \u001b[1m\ud83d\udce1 \ucea1\ucc98: POST 200 https://ddingphone.com/mshop/ajax.mshop.php\u001b[0m"
"\u001b[2m2025-12-30T11:57:03.386788Z\u001b[0m [\u001b[32m\u001b[1minfo     \u001b[0m] \u001b[1m======================================================================\u001b[0m"
"\u001b[2m2025-12-30T11:57:03.387176Z\u001b[0m [\u001b[32m\u001b[1minfo     \u001b[0m] \u001b[1m\ud83d\udcca API \ubaa8\ub2c8\ud130\ub9c1 \uc694\uc57d                 \u001b[0m"
"\u001b[2m2025-12-30T11:57:03.387356Z\u001b[0m [\u001b[32m\u001b[1minfo     \u001b[0m] \u001b[1m======================================================================\u001b[0m"
"\u001b[2m2025-12-30T11:57:03.387469Z\u001b[0m [\u001b[32m\u001b[1minfo     \u001b[0m] \u001b[1m\ucd1d API \ud638\ucd9c: 4\uac1c                  \u001b[0m"
"\u001b[2m2025-12-30T11:57:03.387523Z\u001b[0m [\u001b[32m\u001b[1minfo     \u001b[0m] \u001b[1m\uace0\uc720 URL: 1\uac1c                    \u001b[0m"
"\u001b[2m2025-12-30T11:57:03.387577Z\u001b[0m [\u001b[32m\u001b[1minfo     \u001b[0m] \u001b[1mGET: 0\uac1c, POST: 4\uac1c             \u001b[0m"
"\u001b[2m2025-12-30T11:57:03.387611Z\u001b[0m [\u001b[32m\u001b[1minfo     \u001b[0m] \u001b[1m\n\ucd5c\uadfc API (\ucd5c\ub300 5\uac1c):              \u001b[0m"
"\u001b[2m2025-12-30T11:57:03.387645Z\u001b[0m [\u001b[32m\u001b[1minfo     \u001b[0m] \u001b[1m  \u2022 POST https://ddingphone.com/mshop/ajax.mshop.php\u001b[0m"
"\u001b[2m2025-12-30T11:57:03.387694Z\u001b[0m [\u001b[32m\u001b[1minfo     \u001b[0m] \u001b[1m  \u2022 POST https://ddingphone.com/mshop/ajax.mshop.php\u001b[0m"
"\u001b[2m2025-12-30T11:57:03.387724Z\u001b[0m [\u001b[32m\u001b[1minfo     \u001b[0m] \u001b[1m  \u2022 POST https://ddingphone.com/mshop/ajax.mshop.php\u001b[0m"
"\u001b[2m2025-12-30T11:57:03.387752Z\u001b[0m [\u001b[32m\u001b[1minfo     \u001b[0m] \u001b[1m  \u2022 POST https://ddingphone.com/mshop/ajax.mshop.php\u001b[0m"
"\u001b[2m2025-12-30T11:57:03.387780Z\u001b[0m [\u001b[32m\u001b[1minfo     \u001b[0m] \u001b[1m======================================================================\n\u001b[0m"
"\u001b[2m2025-12-30T11:57:03.387840Z\u001b[0m [\u001b[32m\u001b[1minfo     \u001b[0m] \u001b[1m\ube0c\ub77c\uc6b0\uc800 \uc885\ub8cc                       \u001b[0m"
"\u001b[2m2025-12-30T11:57:03.577018Z\u001b[0m [\u001b[32m\u001b[1minfo     \u001b[0m] \u001b[1m\ube0c\ub77c\uc6b0\uc800 \uc885\ub8cc \uc644\ub8cc                    \u001b[0m"
