"\u001b[2m2025-12-30T11:38:28.912184Z\u001b[0m [\u001b[32m\u001b[1minfo     \u001b[0m] \u001b[1m\ube0c\ub77c\uc6b0\uc800 \uc2dc\uc791                       \u001b[0m"
"\u001b[2m2025-12-30T11:38:29.645749Z\u001b[0m [\u001b[32m\u001b[1minfo     \u001b[0m] \u001b[1m\ube0c\ub77c\uc6b0\uc800 \uc2dc\uc791 \uc644\ub8cc                    \u001b[0m"
"\u001b[2m2025-12-30T11:38:29.646064Z\u001b[0m [\u001b[32m\u001b[1minfo     \u001b[0m] \u001b[1m\ud83d\udce1 APIMonitor \ucd08\uae30\ud654              \u001b[0m"
"\u001b[2m2025-12-30T11:38:29.646202Z\u001b[0m [\u001b[32m\u001b[1minfo     \u001b[0m] \u001b[1m======================================================================\u001b[0m"
"\u001b[2m2025-12-30T11:38:29.646315Z\u001b[0m [\u001b[32m\u001b[1minfo     \u001b[0m] \u001b[1m\ud83d\udce1 API \ubaa8\ub2c8\ud130\ub9c1 \uc2dc\uc791                 \u001b[0m"
"\u001b[2m2025-12-30T11:38:29.646347Z\u001b[0m [\u001b[32m\u001b[1minfo     \u001b[0m] \u001b[1m======================================================================\u001b[0m"
"\u001b[2m2025-12-30T11:38:29.648273Z\u001b[0m [\u001b[32m\u001b[1minfo     \u001b[0m] \u001b[1m\u2705 \ubaa8\ub2c8\ud130\ub9c1 \ud65c\uc131\ud654\n                   \u001b[0m"
"\u001b[2m2025-12-30T11:38:32.179580Z\u001b[0m [\u001b[32m\u001b[1minfo     \u001b[0m] \u001b[1m\ud83d\udce1 \ucea1\ucc98: POST 200 https://hi-phone.kr/php/goods_plan_json.php\u001b[0m"
"\u001b[2m2025-12-30T11:38:32.179758Z\u001b[0m [\u001b[32m\u001b[1minfo     \u001b[0m] \u001b[1m\ud83d\udce1 \ucea1\ucc98: POST 200 https://hi-phone.kr/php/goods_support_price_json.php\u001b[0m"
"\u001b[2m2025-12-30T11:38:32.183684Z\u001b[0m [\u001b[32m\u001b[1minfo     \u001b[0m] \u001b[1m\ud83d\udce1 \ucea1\ucc98: POST 200 https://hi-phone.kr/php/goods_plan_json.php\u001b[0m"
"\u001b[2m2025-12-30T11:38:32.185886Z\u001b[0m [\u001b[32m\u001b[1minfo     \u001b[0m] \u001b[1m\ud83d\udce1 \ucea1\ucc98: POST 200 https://hi-phone.kr/index.php?channel=review&sort=uid%20DESC&limit=10&page=1\u001b[0m"
"\u001b[2m2025-12-30T11:38:32.456108Z\u001b[0m [\u001b[32m\u001b[1minfo     \u001b[0m] \u001b[1m\ud83d\udce1 \ucea1\ucc98: POST 200 https://hi-phone.kr/php/goods_support_price_json.php\u001b[0m"
"\u001b[2m2025-12-30T11:38:32.456358Z\u001b[0m [\u001b[32m\u001b[1minfo     \u001b[0m] \u001b[1m\ud83d\udce1 \ucea1\ucc98: POST 200 https://hi-phone.kr/php/goods_support_price_json.php\u001b[0m"
"\u001b[2m2025-12-30T11:38:33.304352Z\u001b[0m [\u001b[32m\u001b[1minfo     \u001b[0m] \u001b[1m\ud83d\udce1 \ucea1\ucc98: GET 200 https://service-api.flarelane.com/internal/v1/projects/fcaf796d-d57b-4492-b923-c\u001b[0m"
"\u001b[2m2025-12-30T11:38:33.536278Z\u001b[0m [\u001b[32m\u001b[1minfo     \u001b[0m] \u001b[1m\ud83d\udce1 \ucea1\ucc98: GET 200 https://nam.veta.naver.com/nac/2\u001b[0m"
"\u001b[2m2025-12-30T11:38:37.187968Z\u001b[0m [\u001b[32m\u001b[1minfo     \u001b[0m] \u001b[1m======================================================================\u001b[0m"
"\u001b[2m2025-12-30T11:38:37.188141Z\u001b[0m [\u001b[32m\u001b[1minfo     \u001b[0m] \u001b[1m\ud83d\udcca API \ubaa8\ub2c8\ud130\ub9c1 \uc694\uc57d                 \u001b[0m"
"\u001b[2m2025-12-30T11:38:37.188199Z\u001b[0m [\u001b[32m\u001b[1minfo     \u001b[0m] \u001b[1m======================================================================\u001b[0m"
"\u001b[2m2025-12-30T11:38:37.188247Z\u001b[0m [\u001b[32m\u001b[1minfo     \u001b[0m] \u001b[1m\ucd1d API \ud638\ucd9c: 8\uac1c                  \u001b[0m"
"\u001b[2m2025-12-30T11:38:37.188283Z\u001b[0m [\u001b[32m\u001b[1minfo     \u001b[0m] \u001b[1m\uace0\uc720 URL: 5\uac1c                    \u001b[0m"
"\u001b[2m2025-12-30T11:38:37.188316Z\u001b[0m [\u001b[32m\u001b[1minfo     \u001b[0m] \u001b[1mGET: 2\uac1c, POST: 6\uac1c             \u001b[0m"
"\u001b[2m2025-12-30T11:38:37.188346Z\u001b[0m [\u001b[32m\u001b[1minfo     \u001b[0m] \u001b[1m\n\ucd5c\uadfc API (\ucd5c\ub300 5\uac1c):              \u001b[0m"
"\u001b[2m2025-12-30T11:38:37.188381Z\u001b[0m [\u001b[32m\u001b[1minfo     \u001b[0m] \u001b[1m  \u2022 POST https://hi-phone.kr/index.php?channel=review&sort=uid%20DESC&limit=10&\u001b[0m"
"\u001b[2m2025-12-30T11:38:37.188458Z\u001b[0m [\u001b[32m\u001b[1minfo     \u001b[0m] \u001b[1m  \u2022 POST https://hi-phone.kr/php/goods_support_price_json.php\u001b[0m"
"\u001b[2m2025-12-30T11:38:37.188490Z\u001b[0m [\u001b[32m\u001b[1minfo     \u001b[0m] \u001b[1m  \u2022 POST https://hi-phone.kr/php/goods_support_price_json.php\u001b[0m"
"\u001b[2m2025-12-30T11:38:37.188519Z\u001b[0m [\u001b[32m\u001b[1minfo     \u001b[0m] \u001b[1m  \u2022 GET https://service-api.flarelane.com/internal/v1/projects/fcaf796d-d57b-4\u001b[0m"
"\u001b[2m2025-12-30T11:38:37.188546Z\u001b[0m [\u001b[32m\u001b[1minfo     \u001b[0m] \u001b[1m  \u2022 GET https://nam.veta.naver.com/nac/2\u001b[0m"
"\u001b[2m2025-12-30T11:38:37.188573Z\u001b[0m [\u001b[32m\u001b[1minfo     \u001b[0m] \u001b[1m======================================================================\n\u001b[0m"
"\u001b[2m2025-12-30T11:38:42.190199Z\u001b[0m [\u001b[32m\u001b[1minfo     \u001b[0m] \u001b[1m\ube0c\ub77c\uc6b0\uc800 \uc885\ub8cc                       \u001b[0m"
"\u001b[2m2025-12-30T11:38:42.311859Z\u001b[0m [\u001b[32m\u001b[1minfo     \u001b[0m] \u001b[1m\ube0c\ub77c\uc6b0\uc800 \uc885\ub8cc \uc644\ub8cc                    \u001b[0m"
