"\u001b[2m2025-12-27T14:29:15.282962Z\u001b[0m [\u001b[32m\u001b[1minfo     \u001b[0m] \u001b[1m\uc0c8\ub85c\uc6b4 \uc0c1\ud0dc \ud30c\uc77c \uc0dd\uc131                  \u001b[0m"
"\u001b[2m2025-12-27T14:29:15.284418Z\u001b[0m [\u001b[32m\u001b[1minfo     \u001b[0m] \u001b[1m\uc0c8\ub85c\uc6b4 \uc0c1\ud0dc \ud30c\uc77c \uc0dd\uc131                  \u001b[0m"
"\u001b[2m2025-12-27T14:29:15.287243Z\u001b[0m [\u001b[32m\u001b[1minfo     \u001b[0m] \u001b[1m\uc0c1\ud0dc \ub85c\ub4dc \uc644\ub8cc                      \u001b[0m \u001b[36mstates\u001b[0m=\u001b[35m0\u001b[0m \u001b[36murls\u001b[0m=\u001b[35m2\u001b[0m"
"\u001b[2m2025-12-27T14:29:15.288803Z\u001b[0m [\u001b[32m\u001b[1minfo     \u001b[0m] \u001b[1m\ube0c\ub77c\uc6b0\uc800 \uc2dc\uc791                       \u001b[0m"
"\u001b[2m2025-12-27T14:29:15.739220Z\u001b[0m [\u001b[32m\u001b[1minfo     \u001b[0m] \u001b[1m\ube0c\ub77c\uc6b0\uc800 \uc2dc\uc791 \uc644\ub8cc                    \u001b[0m"
"\u001b[2m2025-12-27T14:29:15.739318Z\u001b[0m [\u001b[32m\u001b[1minfo     \u001b[0m] \u001b[1m\ube0c\ub77c\uc6b0\uc800 \uc885\ub8cc                       \u001b[0m"
"\u001b[2m2025-12-27T14:29:15.768312Z\u001b[0m [\u001b[32m\u001b[1minfo     \u001b[0m] \u001b[1m\ube0c\ub77c\uc6b0\uc800 \uc885\ub8cc \uc644\ub8cc                    \u001b[0m"
"\u001b[2m2025-12-27T14:29:15.769745Z\u001b[0m [\u001b[32m\u001b[1minfo     \u001b[0m] \u001b[1m\ube0c\ub77c\uc6b0\uc800 \uc2dc\uc791                       \u001b[0m"
"\u001b[2m2025-12-27T14:29:16.132540Z\u001b[0m [\u001b[32m\u001b[1minfo     \u001b[0m] \u001b[1m\ube0c\ub77c\uc6b0\uc800 \uc2dc\uc791 \uc644\ub8cc                    \u001b[0m"
"\u001b[2m2025-12-27T14:29:16.132710Z\u001b[0m [\u001b[32m\u001b[1minfo     \u001b[0m] \u001b[1m\ud398\uc774\uc9c0 \uc774\ub3d9: https://example.com   \u001b[0m"
"\u001b[2m2025-12-27T14:29:16.698924Z\u001b[0m [\u001b[32m\u001b[1minfo     \u001b[0m] \u001b[1m\ud398\uc774\uc9c0 \ub85c\ub529 \uc644\ub8cc: https://example.com\u001b[0m"
"\u001b[2m2025-12-27T14:29:16.703706Z\u001b[0m [\u001b[32m\u001b[1minfo     \u001b[0m] \u001b[1m\ube0c\ub77c\uc6b0\uc800 \uc885\ub8cc                       \u001b[0m"
"\u001b[2m2025-12-27T14:29:16.731363Z\u001b[0m [\u001b[32m\u001b[1minfo     \u001b[0m] \u001b[1m\ube0c\ub77c\uc6b0\uc800 \uc885\ub8cc \uc644\ub8cc                    \u001b[0m"
"\u001b[2m2025-12-27T14:29:16.732676Z\u001b[0m [\u001b[32m\u001b[1minfo     \u001b[0m] \u001b[1m\ube0c\ub77c\uc6b0\uc800 \uc2dc\uc791                       \u001b[0m"
"\u001b[2m2025-12-27T14:29:17.089541Z\u001b[0m [\u001b[32m\u001b[1minfo     \u001b[0m] \u001b[1m\ube0c\ub77c\uc6b0\uc800 \uc2dc\uc791 \uc644\ub8cc                    \u001b[0m"
"\u001b[2m2025-12-27T14:29:17.155607Z\u001b[0m [\u001b[32m\u001b[1minfo     \u001b[0m] \u001b[1m\uc0c8 \ud398\uc774\uc9c0 \uc0dd\uc131                      \u001b[0m"
"\u001b[2m2025-12-27T14:29:17.155737Z\u001b[0m [\u001b[32m\u001b[1minfo     \u001b[0m] \u001b[1m\ube0c\ub77c\uc6b0\uc800 \uc885\ub8cc                       \u001b[0m"
"\u001b[2m2025-12-27T14:29:17.185150Z\u001b[0m [\u001b[32m\u001b[1minfo     \u001b[0m] \u001b[1m\ube0c\ub77c\uc6b0\uc800 \uc885\ub8cc \uc644\ub8cc                    \u001b[0m"
"\u001b[2m2025-12-27T14:29:17.186321Z\u001b[0m [\u001b[32m\u001b[1minfo     \u001b[0m] \u001b[1m\ud14c\uc2a4\ud2b8 \ub85c\uadf8 \uba54\uc2dc\uc9c0                    \u001b[0m \u001b[36mtest_key\u001b[0m=\u001b[35mtest_value\u001b[0m"
"\u001b[2m2025-12-27T14:29:17.186360Z\u001b[0m [\u001b[33m\u001b[1mwarning  \u001b[0m] \u001b[1m\uacbd\uace0 \uba54\uc2dc\uc9c0                        \u001b[0m"
"\u001b[2m2025-12-27T14:29:17.551880Z\u001b[0m [\u001b[32m\u001b[1minfo     \u001b[0m] \u001b[1m\uc0c1\ud0dc \ub85c\ub4dc \uc644\ub8cc                      \u001b[0m \u001b[36mstates\u001b[0m=\u001b[35m0\u001b[0m \u001b[36murls\u001b[0m=\u001b[35m1\u001b[0m"
"\u001b[2m2025-12-27T14:29:17.551936Z\u001b[0m [\u001b[32m\u001b[1minfo     \u001b[0m] \u001b[1m\ud1b5\ud569 \ud14c\uc2a4\ud2b8 \uc2dc\uc791                     \u001b[0m"
"\u001b[2m2025-12-27T14:29:17.551960Z\u001b[0m [\u001b[32m\u001b[1minfo     \u001b[0m] \u001b[1m\ube0c\ub77c\uc6b0\uc800 \uc2dc\uc791                       \u001b[0m"
"\u001b[2m2025-12-27T14:29:17.920710Z\u001b[0m [\u001b[32m\u001b[1minfo     \u001b[0m] \u001b[1m\ube0c\ub77c\uc6b0\uc800 \uc2dc\uc791 \uc644\ub8cc                    \u001b[0m"
"\u001b[2m2025-12-27T14:29:17.920861Z\u001b[0m [\u001b[32m\u001b[1minfo     \u001b[0m] \u001b[1m\ud398\uc774\uc9c0 \uc774\ub3d9: https://example.com   \u001b[0m"
"\u001b[2m2025-12-27T14:29:18.485049Z\u001b[0m [\u001b[32m\u001b[1minfo     \u001b[0m] \u001b[1m\ud398\uc774\uc9c0 \ub85c\ub529 \uc644\ub8cc: https://example.com\u001b[0m"
"\u001b[2m2025-12-27T14:29:18.683205Z\u001b[0m [\u001b[32m\u001b[1minfo     \u001b[0m] \u001b[1m\ube0c\ub77c\uc6b0\uc800 \uc885\ub8cc                       \u001b[0m"
"\u001b[2m2025-12-27T14:29:18.741541Z\u001b[0m [\u001b[32m\u001b[1minfo     \u001b[0m] \u001b[1m\ube0c\ub77c\uc6b0\uc800 \uc885\ub8cc \uc644\ub8cc                    \u001b[0m"
