"\u001b[2m2025-12-30T22:28:30.115013Z\u001b[0m [\u001b[32m\u001b[1minfo     \u001b[0m] \u001b[1mLLM Client \ucd08\uae30\ud654                \u001b[0m \u001b[36mmodel\u001b[0m=\u001b[35mgemini-2.5-flash\u001b[0m \u001b[36mprovider\u001b[0m=\u001b[35mgemini\u001b[0m"
"\u001b[2m2025-12-30T22:28:30.185020Z\u001b[0m [\u001b[32m\u001b[1minfo     \u001b[0m] \u001b[1mLLM Client \ucd08\uae30\ud654                \u001b[0m \u001b[36mmodel\u001b[0m=\u001b[35mgemini-2.5-flash\u001b[0m \u001b[36mprovider\u001b[0m=\u001b[35mgemini\u001b[0m"
"\u001b[2m2025-12-30T22:28:32.378572Z\u001b[0m [\u001b[32m\u001b[1minfo     \u001b[0m] \u001b[1m\ube0c\ub77c\uc6b0\uc800 \uc2dc\uc791                       \u001b[0m"
"\u001b[2m2025-12-30T22:28:33.194823Z\u001b[0m [\u001b[32m\u001b[1minfo     \u001b[0m] \u001b[1m\ube0c\ub77c\uc6b0\uc800 \uc2dc\uc791 \uc644\ub8cc                    \u001b[0m"
"\u001b[2m2025-12-30T22:28:33.195209Z\u001b[0m [\u001b[32m\u001b[1minfo     \u001b[0m] \u001b[1m\ud83d\udd0d [Discovery] URL \ud0d0\uc0c9 \uc2dc\uc791: https://hi-phone.kr/index.php?channel=list&cate=103001000000\u001b[0m"
"\u001b[2m2025-12-30T22:28:46.636039Z\u001b[0m [\u001b[32m\u001b[1minfo     \u001b[0m] \u001b[1m\ube0c\ub77c\uc6b0\uc800 \uc2dc\uc791                       \u001b[0m"
"\u001b[2m2025-12-30T22:28:47.024000Z\u001b[0m [\u001b[32m\u001b[1minfo     \u001b[0m] \u001b[1m\ube0c\ub77c\uc6b0\uc800 \uc2dc\uc791 \uc644\ub8cc                    \u001b[0m"
"\u001b[2m2025-12-30T22:28:47.024133Z\u001b[0m [\u001b[32m\u001b[1minfo     \u001b[0m] \u001b[1m\ud83d\udd0d [Discovery] URL \ud0d0\uc0c9 \uc2dc\uc791: https://www.deliveryphone.co.kr/phone/list/2\u001b[0m"
"\u001b[2m2025-12-30T22:28:48.280497Z\u001b[0m [\u001b[31m\u001b[1merror    \u001b[0m] \u001b[1m   \u274c \uc544\uc774\ud3f0 \ud0d0\uc0c9 \uc2e4\ud328: Locator.click: Element is not visible\nCall log:\n  - waiting for get_by_text(\"\uc544\uc774\ud3f0\").first\n    - locator resolved to <a href=\"index.php?channel=search&keyword=\uc544\uc774\ud3f0\">\uc544\uc774\ud3f0</a>\n  - attempting click action\n    - scrolling into view if needed\n\u001b[0m"
"\u001b[2m2025-12-30T22:28:55.188022Z\u001b[0m [\u001b[32m\u001b[1minfo     \u001b[0m] \u001b[1m\ube0c\ub77c\uc6b0\uc800 \uc2dc\uc791                       \u001b[0m"
"\u001b[2m2025-12-30T22:28:55.644793Z\u001b[0m [\u001b[32m\u001b[1minfo     \u001b[0m] \u001b[1m\ube0c\ub77c\uc6b0\uc800 \uc2dc\uc791 \uc644\ub8cc                    \u001b[0m"
"\u001b[2m2025-12-30T22:28:55.644934Z\u001b[0m [\u001b[32m\u001b[1minfo     \u001b[0m] \u001b[1m\ud83d\udd0d [Discovery] URL \ud0d0\uc0c9 \uc2dc\uc791: https://www.deliveryphone.co.kr/phone/list/2\u001b[0m"
"\u001b[2m2025-12-30T22:28:59.723416Z\u001b[0m [\u001b[31m\u001b[1merror    \u001b[0m] \u001b[1m   \u274c \uc544\uc774\ud3f0 \ud0d0\uc0c9 \uc2e4\ud328: Locator.click: Element is not visible\nCall log:\n  - waiting for get_by_text(\"\uc544\uc774\ud3f0\").first\n    - locator resolved to <a href=\"javascript:void(0); \" onclick=\"$('input[name=keyword]').val($(this).text()); $('#search_box').submit(); \">\uc544\uc774\ud3f016</a>\n  - attempting click action\n    - scrolling into view if needed\n\u001b[0m"
"\u001b[2m2025-12-30T22:28:59.726209Z\u001b[0m [\u001b[31m\u001b[1merror    \u001b[0m] \u001b[1m   \u274c GALAXY_S25 \ucd94\ucd9c \uc2e4\ud328: Page.goto: net::ERR_ABORTED at javascript:void(0);\nCall log:\n  - navigating to \"javascript:void(0);\", waiting until \"domcontentloaded\"\n\u001b[0m"
"\u001b[2m2025-12-30T22:28:59.726289Z\u001b[0m [\u001b[32m\u001b[1minfo     \u001b[0m] \u001b[1m\ube0c\ub77c\uc6b0\uc800 \uc885\ub8cc                       \u001b[0m"
"\u001b[2m2025-12-30T22:28:59.765591Z\u001b[0m [\u001b[32m\u001b[1minfo     \u001b[0m] \u001b[1m\ube0c\ub77c\uc6b0\uc800 \uc885\ub8cc \uc644\ub8cc                    \u001b[0m"
"\u001b[2m2025-12-30T22:29:08.666234Z\u001b[0m [\u001b[31m\u001b[1merror    \u001b[0m] \u001b[1m   \u274c \uc544\uc774\ud3f0 \ud0d0\uc0c9 \uc2e4\ud328: Locator.click: Element is not visible\nCall log:\n  - waiting for get_by_text(\"\uc544\uc774\ud3f0\").first\n    - locator resolved to <a href=\"javascript:void(0); \" onclick=\"$('input[name=keyword]').val($(this).text()); $('#search_box').submit(); \">\uc544\uc774\ud3f016</a>\n  - attempting click action\n    - scrolling into view if needed\n\u001b[0m"
"\u001b[2m2025-12-30T22:29:08.669725Z\u001b[0m [\u001b[31m\u001b[1merror    \u001b[0m] \u001b[1m   \u274c GALAXY_S25 \ucd94\ucd9c \uc2e4\ud328: Page.goto: net::ERR_ABORTED at javascript:void(0);\nCall log:\n  - navigating to \"javascript:void(0);\", waiting until \"domcontentloaded\"\n\u001b[0m"
"\u001b[2m2025-12-30T22:29:08.669840Z\u001b[0m [\u001b[32m\u001b[1minfo     \u001b[0m] \u001b[1m\ube0c\ub77c\uc6b0\uc800 \uc885\ub8cc                       \u001b[0m"
"\u001b[2m2025-12-30T22:29:08.729782Z\u001b[0m [\u001b[32m\u001b[1minfo     \u001b[0m] \u001b[1m\ube0c\ub77c\uc6b0\uc800 \uc885\ub8cc \uc644\ub8cc                    \u001b[0m"
