"\u001b[2m2025-12-27T14:31:13.440539Z\u001b[0m [\u001b[32m\u001b[1minfo     \u001b[0m] \u001b[1m\uc0c8\ub85c\uc6b4 \uc0c1\ud0dc \ud30c\uc77c \uc0dd\uc131                  \u001b[0m"
"\u001b[2m2025-12-27T14:31:13.441963Z\u001b[0m [\u001b[32m\u001b[1minfo     \u001b[0m] \u001b[1m\uc0c8\ub85c\uc6b4 \uc0c1\ud0dc \ud30c\uc77c \uc0dd\uc131                  \u001b[0m"
"\u001b[2m2025-12-27T14:31:13.442394Z\u001b[0m [\u001b[32m\u001b[1minfo     \u001b[0m] \u001b[1m\uc0c1\ud0dc \ub85c\ub4dc \uc644\ub8cc                      \u001b[0m \u001b[36mstates\u001b[0m=\u001b[35m0\u001b[0m \u001b[36murls\u001b[0m=\u001b[35m2\u001b[0m"
"\u001b[2m2025-12-27T14:31:13.443474Z\u001b[0m [\u001b[32m\u001b[1minfo     \u001b[0m] \u001b[1m\ube0c\ub77c\uc6b0\uc800 \uc2dc\uc791                       \u001b[0m"
"\u001b[2m2025-12-27T14:31:15.150200Z\u001b[0m [\u001b[32m\u001b[1minfo     \u001b[0m] \u001b[1m\ube0c\ub77c\uc6b0\uc800 \uc2dc\uc791 \uc644\ub8cc                    \u001b[0m"
"\u001b[2m2025-12-27T14:31:15.150724Z\u001b[0m [\u001b[32m\u001b[1minfo     \u001b[0m] \u001b[1m\ube0c\ub77c\uc6b0\uc800 \uc885\ub8cc                       \u001b[0m"
"\u001b[2m2025-12-27T14:31:15.381300Z\u001b[0m [\u001b[32m\u001b[1minfo     \u001b[0m] \u001b[1m\ube0c\ub77c\uc6b0\uc800 \uc885\ub8cc \uc644\ub8cc                    \u001b[0m"
"\u001b[2m2025-12-27T14:31:15.383564Z\u001b[0m [\u001b[32m\u001b[1minfo     \u001b[0m] \u001b[1m\ube0c\ub77c\uc6b0\uc800 \uc2dc\uc791                       \u001b[0m"
"\u001b[2m2025-12-27T14:31:16.361806Z\u001b[0m [\u001b[32m\u001b[1minfo     \u001b[0m] \u001b[1m\ube0c\ub77c\uc6b0\uc800 \uc2dc\uc791 \uc644\ub8cc                    \u001b[0m"
"\u001b[2m2025-12-27T14:31:16.362135Z\u001b[0m [\u001b[32m\u001b[1minfo     \u001b[0m] \u001b[1m\ud398\uc774\uc9c0 \uc774\ub3d9: https://example.com   \u001b[0m"
"\u001b[2m2025-12-27T14:31:17.055823Z\u001b[0m [\u001b[32m\u001b[1minfo     \u001b[0m] \u001b[1m\ud398\uc774\uc9c0 \ub85c\ub529 \uc644\ub8cc: https://example.com\u001b[0m"
"\u001b[2m2025-12-27T14:31:17.063213Z\u001b[0m [\u001b[32m\u001b[1minfo     \u001b[0m] \u001b[1m\ube0c\ub77c\uc6b0\uc800 \uc885\ub8cc                       \u001b[0m"
"\u001b[2m2025-12-27T14:31:17.165140Z\u001b[0m [\u001b[32m\u001b[1minfo     \u001b[0m] \u001b[1m\ube0c\ub77c\uc6b0\uc800 \uc885\ub8cc \uc644\ub8cc                    \u001b[0m"
"\u001b[2m2025-12-27T14:31:17.167345Z\u001b[0m [\u001b[32m\u001b[1minfo     \u001b[0m] \u001b[1m\ube0c\ub77c\uc6b0\uc800 \uc2dc\uc791                       \u001b[0m"
"\u001b[2m2025-12-27T14:31:18.155261Z\u001b[0m [\u001b[32m\u001b[1minfo     \u001b[0m] \u001b[1m\ube0c\ub77c\uc6b0\uc800 \uc2dc\uc791 \uc644\ub8cc                    \u001b[0m"
"\u001b[2m2025-12-27T14:31:18.292285Z\u001b[0m [\u001b[32m\u001b[1minfo     \u001b[0m] \u001b[1m\uc0c8 \ud398\uc774\uc9c0 \uc0dd\uc131                      \u001b[0m"
"\u001b[2m2025-12-27T14:31:18.292434Z\u001b[0m [\u001b[32m\u001b[1minfo     \u001b[0m] \u001b[1m\ube0c\ub77c\uc6b0\uc800 \uc885\ub8cc                       \u001b[0m"
"\u001b[2m2025-12-27T14:31:18.702068Z\u001b[0m [\u001b[32m\u001b[1minfo     \u001b[0m] \u001b[1m\ube0c\ub77c\uc6b0\uc800 \uc885\ub8cc \uc644\ub8cc                    \u001b[0m"
"\u001b[2m2025-12-27T14:31:18.703623Z\u001b[0m [\u001b[32m\u001b[1minfo     \u001b[0m] \u001b[1m\ud14c\uc2a4\ud2b8 \ub85c\uadf8 \uba54\uc2dc\uc9c0                    \u001b[0m \u001b[36mtest_key\u001b[0m=\u001b[35mtest_value\u001b[0m"
"\u001b[2m2025-12-27T14:31:18.703670Z\u001b[0m [\u001b[33m\u001b[1mwarning  \u001b[0m] \u001b[1m\uacbd\uace0 \uba54\uc2dc\uc9c0                        \u001b[0m"
"\u001b[2m2025-12-27T14:31:19.036876Z\u001b[0m [\u001b[32m\u001b[1minfo     \u001b[0m] \u001b[1m\uc0c1\ud0dc \ub85c\ub4dc \uc644\ub8cc                      \u001b[0m \u001b[36mstates\u001b[0m=\u001b[35m0\u001b[0m \u001b[36murls\u001b[0m=\u001b[35m1\u001b[0m"
"\u001b[2m2025-12-27T14:31:19.036940Z\u001b[0m [\u001b[32m\u001b[1minfo     \u001b[0m] \u001b[1m\ud1b5\ud569 \ud14c\uc2a4\ud2b8 \uc2dc\uc791                     \u001b[0m"
"\u001b[2m2025-12-27T14:31:19.036966Z\u001b[0m [\u001b[32m\u001b[1minfo     \u001b[0m] \u001b[1m\ube0c\ub77c\uc6b0\uc800 \uc2dc\uc791                       \u001b[0m"
"\u001b[2m2025-12-27T14:31:20.018730Z\u001b[0m [\u001b[32m\u001b[1minfo     \u001b[0m] \u001b[1m\ube0c\ub77c\uc6b0\uc800 \uc2dc\uc791 \uc644\ub8cc                    \u001b[0m"
"\u001b[2m2025-12-27T14:31:20.019479Z\u001b[0m [\u001b[32m\u001b[1minfo     \u001b[0m] \u001b[1m\ud398\uc774\uc9c0 \uc774\ub3d9: https://example.com   \u001b[0m"
"\u001b[2m2025-12-27T14:31:20.678648Z\u001b[0m [\u001b[32m\u001b[1minfo     \u001b[0m] \u001b[1m\ud398\uc774\uc9c0 \ub85c\ub529 \uc644\ub8cc: https://example.com\u001b[0m"
"\u001b[2m2025-12-27T14:31:20.846009Z\u001b[0m [\u001b[32m\u001b[1minfo     \u001b[0m] \u001b[1m\ube0c\ub77c\uc6b0\uc800 \uc885\ub8cc                       \u001b[0m"
"\u001b[2m2025-12-27T14:31:20.934972Z\u001b[0m [\u001b[32m\u001b[1minfo     \u001b[0m] \u001b[1m\ube0c\ub77c\uc6b0\uc800 \uc885\ub8cc \uc644\ub8cc                    \u001b[0m"
