"\u001b[2m2025-12-27T15:31:38.731599Z\u001b[0m [\u001b[32m\u001b[1minfo     \u001b[0m] \u001b[1m\uc0c8\ub85c\uc6b4 \uc0c1\ud0dc \ud30c\uc77c \uc0dd\uc131                  \u001b[0m"
"\u001b[2m2025-12-27T15:31:38.732724Z\u001b[0m [\u001b[32m\u001b[1minfo     \u001b[0m] \u001b[1m\uc0c8\ub85c\uc6b4 \uc0c1\ud0dc \ud30c\uc77c \uc0dd\uc131                  \u001b[0m"
"\u001b[2m2025-12-27T15:31:38.735005Z\u001b[0m [\u001b[32m\u001b[1minfo     \u001b[0m] \u001b[1m\uc0c1\ud0dc \ub85c\ub4dc \uc644\ub8cc                      \u001b[0m \u001b[36mstates\u001b[0m=\u001b[35m0\u001b[0m \u001b[36murls\u001b[0m=\u001b[35m2\u001b[0m"
"\u001b[2m2025-12-27T15:31:38.735951Z\u001b[0m [\u001b[32m\u001b[1minfo     \u001b[0m] \u001b[1m\ube0c\ub77c\uc6b0\uc800 \uc2dc\uc791                       \u001b[0m"
"\u001b[2m2025-12-27T15:31:40.665927Z\u001b[0m [\u001b[32m\u001b[1minfo     \u001b[0m] \u001b[1m\ube0c\ub77c\uc6b0\uc800 \uc2dc\uc791 \uc644\ub8cc                    \u001b[0m"
"\u001b[2m2025-12-27T15:31:40.667463Z\u001b[0m [\u001b[32m\u001b[1minfo     \u001b[0m] \u001b[1m\ube0c\ub77c\uc6b0\uc800 \uc885\ub8cc                       \u001b[0m"
"\u001b[2m2025-12-27T15:31:40.921891Z\u001b[0m [\u001b[32m\u001b[1minfo     \u001b[0m] \u001b[1m\ube0c\ub77c\uc6b0\uc800 \uc885\ub8cc \uc644\ub8cc                    \u001b[0m"
"\u001b[2m2025-12-27T15:31:40.923446Z\u001b[0m [\u001b[32m\u001b[1minfo     \u001b[0m] \u001b[1m\ube0c\ub77c\uc6b0\uc800 \uc2dc\uc791                       \u001b[0m"
"\u001b[2m2025-12-27T15:31:42.012645Z\u001b[0m [\u001b[32m\u001b[1minfo     \u001b[0m] \u001b[1m\ube0c\ub77c\uc6b0\uc800 \uc2dc\uc791 \uc644\ub8cc                    \u001b[0m"
"\u001b[2m2025-12-27T15:31:42.013822Z\u001b[0m [\u001b[32m\u001b[1minfo     \u001b[0m] \u001b[1m\ud398\uc774\uc9c0 \uc774\ub3d9: https://example.com   \u001b[0m"
"\u001b[2m2025-12-27T15:31:42.904859Z\u001b[0m [\u001b[32m\u001b[1minfo     \u001b[0m] \u001b[1m\ud398\uc774\uc9c0 \ub85c\ub529 \uc644\ub8cc: https://example.com\u001b[0m"
"\u001b[2m2025-12-27T15:31:42.912547Z\u001b[0m [\u001b[32m\u001b[1minfo     \u001b[0m] \u001b[1m\ube0c\ub77c\uc6b0\uc800 \uc885\ub8cc                       \u001b[0m"
"\u001b[2m2025-12-27T15:31:43.111370Z\u001b[0m [\u001b[32m\u001b[1minfo     \u001b[0m] \u001b[1m\ube0c\ub77c\uc6b0\uc800 \uc885\ub8cc \uc644\ub8cc                    \u001b[0m"
"\u001b[2m2025-12-27T15:31:43.114253Z\u001b[0m [\u001b[32m\u001b[1minfo     \u001b[0m] \u001b[1m\ube0c\ub77c\uc6b0\uc800 \uc2dc\uc791                       \u001b[0m"
"\u001b[2m2025-12-27T15:31:44.001299Z\u001b[0m [\u001b[32m\u001b[1minfo     \u001b[0m] \u001b[1m\ube0c\ub77c\uc6b0\uc800 \uc2dc\uc791 \uc644\ub8cc                    \u001b[0m"
"\u001b[2m2025-12-27T15:31:44.150760Z\u001b[0m [\u001b[32m\u001b[1minfo     \u001b[0m] \u001b[1m\uc0c8 \ud398\uc774\uc9c0 \uc0dd\uc131                      \u001b[0m"
"\u001b[2m2025-12-27T15:31:44.150870Z\u001b[0m [\u001b[32m\u001b[1minfo     \u001b[0m] \u001b[1m\ube0c\ub77c\uc6b0\uc800 \uc885\ub8cc                       \u001b[0m"
"\u001b[2m2025-12-27T15:31:44.422874Z\u001b[0m [\u001b[32m\u001b[1minfo     \u001b[0m] \u001b[1m\ube0c\ub77c\uc6b0\uc800 \uc885\ub8cc \uc644\ub8cc                    \u001b[0m"
"\u001b[2m2025-12-27T15:31:44.423827Z\u001b[0m [\u001b[32m\u001b[1minfo     \u001b[0m] \u001b[1m\ud14c\uc2a4\ud2b8 \ub85c\uadf8 \uba54\uc2dc\uc9c0                    \u001b[0m \u001b[36mtest_key\u001b[0m=\u001b[35mtest_value\u001b[0m"
"\u001b[2m2025-12-27T15:31:44.423874Z\u001b[0m [\u001b[33m\u001b[1mwarning  \u001b[0m] \u001b[1m\uacbd\uace0 \uba54\uc2dc\uc9c0                        \u001b[0m"
"\u001b[2m2025-12-27T15:31:44.804457Z\u001b[0m [\u001b[32m\u001b[1minfo     \u001b[0m] \u001b[1m\uc0c1\ud0dc \ub85c\ub4dc \uc644\ub8cc                      \u001b[0m \u001b[36mstates\u001b[0m=\u001b[35m0\u001b[0m \u001b[36murls\u001b[0m=\u001b[35m1\u001b[0m"
"\u001b[2m2025-12-27T15:31:44.804740Z\u001b[0m [\u001b[32m\u001b[1minfo     \u001b[0m] \u001b[1m\ud1b5\ud569 \ud14c\uc2a4\ud2b8 \uc2dc\uc791                     \u001b[0m"
"\u001b[2m2025-12-27T15:31:44.804830Z\u001b[0m [\u001b[32m\u001b[1minfo     \u001b[0m] \u001b[1m\ube0c\ub77c\uc6b0\uc800 \uc2dc\uc791                       \u001b[0m"
"\u001b[2m2025-12-27T15:31:45.699302Z\u001b[0m [\u001b[32m\u001b[1minfo     \u001b[0m] \u001b[1m\ube0c\ub77c\uc6b0\uc800 \uc2dc\uc791 \uc644\ub8cc                    \u001b[0m"
"\u001b[2m2025-12-27T15:31:45.699483Z\u001b[0m [\u001b[32m\u001b[1minfo     \u001b[0m] \u001b[1m\ud398\uc774\uc9c0 \uc774\ub3d9: https://example.com   \u001b[0m"
"\u001b[2m2025-12-27T15:31:46.363930Z\u001b[0m [\u001b[32m\u001b[1minfo     \u001b[0m] \u001b[1m\ud398\uc774\uc9c0 \ub85c\ub529 \uc644\ub8cc: https://example.com\u001b[0m"
"\u001b[2m2025-12-27T15:31:46.495222Z\u001b[0m [\u001b[32m\u001b[1minfo     \u001b[0m] \u001b[1m\ube0c\ub77c\uc6b0\uc800 \uc885\ub8cc                       \u001b[0m"
"\u001b[2m2025-12-27T15:31:46.687126Z\u001b[0m [\u001b[32m\u001b[1minfo     \u001b[0m] \u001b[1m\ube0c\ub77c\uc6b0\uc800 \uc885\ub8cc \uc644\ub8cc                    \u001b[0m"
"\u001b[2m2025-12-27T15:31:46.691193Z\u001b[0m [\u001b[32m\u001b[1minfo     \u001b[0m] \u001b[1m\ube0c\ub77c\uc6b0\uc800 \uc2dc\uc791                       \u001b[0m"
"\u001b[2m2025-12-27T15:31:47.578690Z\u001b[0m [\u001b[32m\u001b[1minfo     \u001b[0m] \u001b[1m\ube0c\ub77c\uc6b0\uc800 \uc2dc\uc791 \uc644\ub8cc                    \u001b[0m"
"\u001b[2m2025-12-27T15:31:47.579860Z\u001b[0m [\u001b[32m\u001b[1minfo     \u001b[0m] \u001b[1m\ud398\uc774\uc9c0 \uc774\ub3d9: https://hi-phone.kr/index.php?channel=list&cate=103001000000\u001b[0m"
"\u001b[2m2025-12-27T15:31:49.406497Z\u001b[0m [\u001b[32m\u001b[1minfo     \u001b[0m] \u001b[1m\ud398\uc774\uc9c0 \ub85c\ub529 \uc644\ub8cc: https://hi-phone.kr/index.php?channel=list&cate=103001000000\u001b[0m"
"\u001b[2m2025-12-27T15:31:52.481886Z\u001b[0m [\u001b[32m\u001b[1minfo     \u001b[0m] \u001b[1m\ube0c\ub77c\uc6b0\uc800 \uc885\ub8cc                       \u001b[0m"
"\u001b[2m2025-12-27T15:31:52.837801Z\u001b[0m [\u001b[32m\u001b[1minfo     \u001b[0m] \u001b[1m\ube0c\ub77c\uc6b0\uc800 \uc885\ub8cc \uc644\ub8cc                    \u001b[0m"
"\u001b[2m2025-12-27T15:31:52.839021Z\u001b[0m [\u001b[32m\u001b[1minfo     \u001b[0m] \u001b[1m\ube0c\ub77c\uc6b0\uc800 \uc2dc\uc791                       \u001b[0m"
"\u001b[2m2025-12-27T15:31:53.725084Z\u001b[0m [\u001b[32m\u001b[1minfo     \u001b[0m] \u001b[1m\ube0c\ub77c\uc6b0\uc800 \uc2dc\uc791 \uc644\ub8cc                    \u001b[0m"
"\u001b[2m2025-12-27T15:31:53.725266Z\u001b[0m [\u001b[32m\u001b[1minfo     \u001b[0m] \u001b[1m\ud398\uc774\uc9c0 \uc774\ub3d9: https://ddingphone.com/list?sst=c&cid=%EC%82%BC%EC%84%B1%EC%A0%84%EC%9E%90\u001b[0m"
"\u001b[2m2025-12-27T15:31:55.329355Z\u001b[0m [\u001b[32m\u001b[1minfo     \u001b[0m] \u001b[1m\ud398\uc774\uc9c0 \ub85c\ub529 \uc644\ub8cc: https://ddingphone.com/list?sst=c&cid=%EC%82%BC%EC%84%B1%EC%A0%84%EC%9E%90\u001b[0m"
"\u001b[2m2025-12-27T15:31:58.398767Z\u001b[0m [\u001b[32m\u001b[1minfo     \u001b[0m] \u001b[1m\ube0c\ub77c\uc6b0\uc800 \uc885\ub8cc                       \u001b[0m"
"\u001b[2m2025-12-27T15:31:58.806927Z\u001b[0m [\u001b[32m\u001b[1minfo     \u001b[0m] \u001b[1m\ube0c\ub77c\uc6b0\uc800 \uc885\ub8cc \uc644\ub8cc                    \u001b[0m"
