"\u001b[2m2025-12-30T22:17:56.962854Z\u001b[0m [\u001b[32m\u001b[1minfo     \u001b[0m] \u001b[1mLLM Client \ucd08\uae30\ud654                \u001b[0m \u001b[36mmodel\u001b[0m=\u001b[35mgemini-2.5-flash\u001b[0m \u001b[36mprovider\u001b[0m=\u001b[35mgemini\u001b[0m"
"\u001b[2m2025-12-30T22:17:56.986066Z\u001b[0m [\u001b[32m\u001b[1minfo     \u001b[0m] \u001b[1mLLM Client \ucd08\uae30\ud654                \u001b[0m \u001b[36mmodel\u001b[0m=\u001b[35mgemini-2.5-flash\u001b[0m \u001b[36mprovider\u001b[0m=\u001b[35mgemini\u001b[0m"
"\u001b[2m2025-12-30T22:18:02.052391Z\u001b[0m [\u001b[32m\u001b[1minfo     \u001b[0m] \u001b[1m\ube0c\ub77c\uc6b0\uc800 \uc2dc\uc791                       \u001b[0m"
"\u001b[2m2025-12-30T22:18:02.905340Z\u001b[0m [\u001b[32m\u001b[1minfo     \u001b[0m] \u001b[1m\ube0c\ub77c\uc6b0\uc800 \uc2dc\uc791 \uc644\ub8cc                    \u001b[0m"
"\u001b[2m2025-12-30T22:18:02.905475Z\u001b[0m [\u001b[32m\u001b[1minfo     \u001b[0m] \u001b[1m\ud83d\udd0d [Discovery] URL \ud0d0\uc0c9 \uc2dc\uc791: https://hi-phone.kr/index.php?channel=list&cate=103001000000\u001b[0m"
"\u001b[2m2025-12-30T22:18:13.342065Z\u001b[0m [\u001b[31m\u001b[1merror    \u001b[0m] \u001b[1m   \u274c \uc544\uc774\ud3f0 \ud0d0\uc0c9 \uc2e4\ud328: Locator.click: Element is not visible\nCall log:\n  - waiting for get_by_text(\"\uc544\uc774\ud3f0\").first\n    - locator resolved to <a href=\"index.php?channel=search&keyword=\uc544\uc774\ud3f0\">\uc544\uc774\ud3f0</a>\n  - attempting click action\n    - scrolling into view if needed\n\u001b[0m"
"\u001b[2m2025-12-30T22:20:09.604438Z\u001b[0m [\u001b[32m\u001b[1minfo     \u001b[0m] \u001b[1m\ube0c\ub77c\uc6b0\uc800 \uc885\ub8cc                       \u001b[0m"
"\u001b[2m2025-12-30T22:20:09.788220Z\u001b[0m [\u001b[32m\u001b[1minfo     \u001b[0m] \u001b[1m\ube0c\ub77c\uc6b0\uc800 \uc2dc\uc791                       \u001b[0m"
"\u001b[2m2025-12-30T22:20:09.807839Z\u001b[0m [\u001b[32m\u001b[1minfo     \u001b[0m] \u001b[1m\ube0c\ub77c\uc6b0\uc800 \uc885\ub8cc \uc644\ub8cc                    \u001b[0m"
"\u001b[2m2025-12-30T22:20:10.392355Z\u001b[0m [\u001b[32m\u001b[1minfo     \u001b[0m] \u001b[1m\ube0c\ub77c\uc6b0\uc800 \uc2dc\uc791 \uc644\ub8cc                    \u001b[0m"
"\u001b[2m2025-12-30T22:20:10.392479Z\u001b[0m [\u001b[32m\u001b[1minfo     \u001b[0m] \u001b[1m\ud83d\udd0d [Discovery] URL \ud0d0\uc0c9 \uc2dc\uc791: https://hi-phone.kr/index.php?channel=list&cate=103001000000\u001b[0m"
"\u001b[2m2025-12-30T22:20:19.617786Z\u001b[0m [\u001b[31m\u001b[1merror    \u001b[0m] \u001b[1m   \u274c \uc544\uc774\ud3f0 \ud0d0\uc0c9 \uc2e4\ud328: Locator.click: Element is not visible\nCall log:\n  - waiting for get_by_text(\"\uc544\uc774\ud3f0\").first\n    - locator resolved to <a href=\"index.php?channel=search&keyword=\uc544\uc774\ud3f0\">\uc544\uc774\ud3f0</a>\n  - attempting click action\n    - scrolling into view if needed\n\u001b[0m"
"\u001b[2m2025-12-30T22:22:53.361242Z\u001b[0m [\u001b[32m\u001b[1minfo     \u001b[0m] \u001b[1m\ube0c\ub77c\uc6b0\uc800 \uc885\ub8cc                       \u001b[0m"
"\u001b[2m2025-12-30T22:22:53.426500Z\u001b[0m [\u001b[32m\u001b[1minfo     \u001b[0m] \u001b[1m\ube0c\ub77c\uc6b0\uc800 \uc885\ub8cc \uc644\ub8cc                    \u001b[0m"
"\u001b[2m2025-12-30T22:24:00.147618Z\u001b[0m [\u001b[32m\u001b[1minfo     \u001b[0m] \u001b[1m\ube0c\ub77c\uc6b0\uc800 \uc2dc\uc791                       \u001b[0m"
"\u001b[2m2025-12-30T22:24:00.862680Z\u001b[0m [\u001b[32m\u001b[1minfo     \u001b[0m] \u001b[1m\ube0c\ub77c\uc6b0\uc800 \uc2dc\uc791 \uc644\ub8cc                    \u001b[0m"
"\u001b[2m2025-12-30T22:24:00.862801Z\u001b[0m [\u001b[32m\u001b[1minfo     \u001b[0m] \u001b[1m\ud83d\udd0d [Discovery] URL \ud0d0\uc0c9 \uc2dc\uc791: https://www.deliveryphone.co.kr/phone/list/2\u001b[0m"
"\u001b[2m2025-12-30T22:24:12.182473Z\u001b[0m [\u001b[31m\u001b[1merror    \u001b[0m] \u001b[1m   \u274c \uc544\uc774\ud3f0 \ud0d0\uc0c9 \uc2e4\ud328: Locator.click: Element is not visible\nCall log:\n  - waiting for get_by_text(\"\uc544\uc774\ud3f0\").first\n    - locator resolved to <a href=\"javascript:void(0); \" onclick=\"$('input[name=keyword]').val($(this).text()); $('#search_box').submit(); \">\uc544\uc774\ud3f016</a>\n  - attempting click action\n    - scrolling into view if needed\n\u001b[0m"
"\u001b[2m2025-12-30T22:24:12.187428Z\u001b[0m [\u001b[31m\u001b[1merror    \u001b[0m] \u001b[1m   \u274c GALAXY_S25 \ucd94\ucd9c \uc2e4\ud328: Page.goto: net::ERR_ABORTED at javascript:void(0);\nCall log:\n  - navigating to \"javascript:void(0);\", waiting until \"domcontentloaded\"\n\u001b[0m"
"\u001b[2m2025-12-30T22:24:12.187532Z\u001b[0m [\u001b[32m\u001b[1minfo     \u001b[0m] \u001b[1m\ube0c\ub77c\uc6b0\uc800 \uc885\ub8cc                       \u001b[0m"
"\u001b[2m2025-12-30T22:24:12.244153Z\u001b[0m [\u001b[32m\u001b[1minfo     \u001b[0m] \u001b[1m\ube0c\ub77c\uc6b0\uc800 \uc885\ub8cc \uc644\ub8cc                    \u001b[0m"
"\u001b[2m2025-12-30T22:24:26.737854Z\u001b[0m [\u001b[32m\u001b[1minfo     \u001b[0m] \u001b[1m\ube0c\ub77c\uc6b0\uc800 \uc2dc\uc791                       \u001b[0m"
"\u001b[2m2025-12-30T22:24:27.578630Z\u001b[0m [\u001b[32m\u001b[1minfo     \u001b[0m] \u001b[1m\ube0c\ub77c\uc6b0\uc800 \uc2dc\uc791 \uc644\ub8cc                    \u001b[0m"
"\u001b[2m2025-12-30T22:24:27.578737Z\u001b[0m [\u001b[32m\u001b[1minfo     \u001b[0m] \u001b[1m\ud83d\udd0d [Discovery] URL \ud0d0\uc0c9 \uc2dc\uc791: https://www.deliveryphone.co.kr/phone/list/2\u001b[0m"
"\u001b[2m2025-12-30T22:24:37.413240Z\u001b[0m [\u001b[31m\u001b[1merror    \u001b[0m] \u001b[1m   \u274c \uc544\uc774\ud3f0 \ud0d0\uc0c9 \uc2e4\ud328: Locator.click: Element is not visible\nCall log:\n  - waiting for get_by_text(\"\uc544\uc774\ud3f0\").first\n    - locator resolved to <a href=\"javascript:void(0); \" onclick=\"$('input[name=keyword]').val($(this).text()); $('#search_box').submit(); \">\uc544\uc774\ud3f016</a>\n  - attempting click action\n    - scrolling into view if needed\n\u001b[0m"
"\u001b[2m2025-12-30T22:24:37.419692Z\u001b[0m [\u001b[31m\u001b[1merror    \u001b[0m] \u001b[1m   \u274c GALAXY_S25 \ucd94\ucd9c \uc2e4\ud328: Page.goto: net::ERR_ABORTED at javascript:void(0);\nCall log:\n  - navigating to \"javascript:void(0);\", waiting until \"domcontentloaded\"\n\u001b[0m"
"\u001b[2m2025-12-30T22:24:37.419889Z\u001b[0m [\u001b[32m\u001b[1minfo     \u001b[0m] \u001b[1m\ube0c\ub77c\uc6b0\uc800 \uc885\ub8cc                       \u001b[0m"
"\u001b[2m2025-12-30T22:24:37.471874Z\u001b[0m [\u001b[32m\u001b[1minfo     \u001b[0m] \u001b[1m\ube0c\ub77c\uc6b0\uc800 \uc885\ub8cc \uc644\ub8cc                    \u001b[0m"
