"\u001b[2m2025-12-27T15:21:43.157981Z\u001b[0m [\u001b[32m\u001b[1minfo     \u001b[0m] \u001b[1m\uc0c8\ub85c\uc6b4 \uc0c1\ud0dc \ud30c\uc77c \uc0dd\uc131                  \u001b[0m"
"\u001b[2m2025-12-27T15:21:43.159781Z\u001b[0m [\u001b[32m\u001b[1minfo     \u001b[0m] \u001b[1m\uc0c8\ub85c\uc6b4 \uc0c1\ud0dc \ud30c\uc77c \uc0dd\uc131                  \u001b[0m"
"\u001b[2m2025-12-27T15:21:43.160216Z\u001b[0m [\u001b[32m\u001b[1minfo     \u001b[0m] \u001b[1m\uc0c1\ud0dc \ub85c\ub4dc \uc644\ub8cc                      \u001b[0m \u001b[36mstates\u001b[0m=\u001b[35m0\u001b[0m \u001b[36murls\u001b[0m=\u001b[35m2\u001b[0m"
"\u001b[2m2025-12-27T15:21:43.161257Z\u001b[0m [\u001b[32m\u001b[1minfo     \u001b[0m] \u001b[1m\ube0c\ub77c\uc6b0\uc800 \uc2dc\uc791                       \u001b[0m"
"\u001b[2m2025-12-27T15:21:44.827423Z\u001b[0m [\u001b[32m\u001b[1minfo     \u001b[0m] \u001b[1m\ube0c\ub77c\uc6b0\uc800 \uc2dc\uc791 \uc644\ub8cc                    \u001b[0m"
"\u001b[2m2025-12-27T15:21:44.827509Z\u001b[0m [\u001b[32m\u001b[1minfo     \u001b[0m] \u001b[1m\ube0c\ub77c\uc6b0\uc800 \uc885\ub8cc                       \u001b[0m"
"\u001b[2m2025-12-27T15:21:45.000088Z\u001b[0m [\u001b[32m\u001b[1minfo     \u001b[0m] \u001b[1m\ube0c\ub77c\uc6b0\uc800 \uc885\ub8cc \uc644\ub8cc                    \u001b[0m"
"\u001b[2m2025-12-27T15:21:45.002739Z\u001b[0m [\u001b[32m\u001b[1minfo     \u001b[0m] \u001b[1m\ube0c\ub77c\uc6b0\uc800 \uc2dc\uc791                       \u001b[0m"
"\u001b[2m2025-12-27T15:21:45.783752Z\u001b[0m [\u001b[32m\u001b[1minfo     \u001b[0m] \u001b[1m\ube0c\ub77c\uc6b0\uc800 \uc2dc\uc791 \uc644\ub8cc                    \u001b[0m"
"\u001b[2m2025-12-27T15:21:45.784163Z\u001b[0m [\u001b[32m\u001b[1minfo     \u001b[0m] \u001b[1m\ud398\uc774\uc9c0 \uc774\ub3d9: https://example.com   \u001b[0m"
"\u001b[2m2025-12-27T15:21:46.422528Z\u001b[0m [\u001b[32m\u001b[1minfo     \u001b[0m] \u001b[1m\ud398\uc774\uc9c0 \ub85c\ub529 \uc644\ub8cc: https://example.com\u001b[0m"
"\u001b[2m2025-12-27T15:21:46.430798Z\u001b[0m [\u001b[32m\u001b[1minfo     \u001b[0m] \u001b[1m\ube0c\ub77c\uc6b0\uc800 \uc885\ub8cc                       \u001b[0m"
"\u001b[2m2025-12-27T15:21:46.632354Z\u001b[0m [\u001b[32m\u001b[1minfo     \u001b[0m] \u001b[1m\ube0c\ub77c\uc6b0\uc800 \uc885\ub8cc \uc644\ub8cc                    \u001b[0m"
"\u001b[2m2025-12-27T15:21:46.633833Z\u001b[0m [\u001b[32m\u001b[1minfo     \u001b[0m] \u001b[1m\ube0c\ub77c\uc6b0\uc800 \uc2dc\uc791                       \u001b[0m"
"\u001b[2m2025-12-27T15:21:47.534609Z\u001b[0m [\u001b[32m\u001b[1minfo     \u001b[0m] \u001b[1m\ube0c\ub77c\uc6b0\uc800 \uc2dc\uc791 \uc644\ub8cc                    \u001b[0m"
"\u001b[2m2025-12-27T15:21:47.626621Z\u001b[0m [\u001b[32m\u001b[1minfo     \u001b[0m] \u001b[1m\uc0c8 \ud398\uc774\uc9c0 \uc0dd\uc131                      \u001b[0m"
"\u001b[2m2025-12-27T15:21:47.626911Z\u001b[0m [\u001b[32m\u001b[1minfo     \u001b[0m] \u001b[1m\ube0c\ub77c\uc6b0\uc800 \uc885\ub8cc                       \u001b[0m"
"\u001b[2m2025-12-27T15:21:47.779929Z\u001b[0m [\u001b[32m\u001b[1minfo     \u001b[0m] \u001b[1m\ube0c\ub77c\uc6b0\uc800 \uc885\ub8cc \uc644\ub8cc                    \u001b[0m"
"\u001b[2m2025-12-27T15:21:47.781265Z\u001b[0m [\u001b[32m\u001b[1minfo     \u001b[0m] \u001b[1m\ud14c\uc2a4\ud2b8 \ub85c\uadf8 \uba54\uc2dc\uc9c0                    \u001b[0m \u001b[36mtest_key\u001b[0m=\u001b[35mtest_value\u001b[0m"
"\u001b[2m2025-12-27T15:21:47.781307Z\u001b[0m [\u001b[33m\u001b[1mwarning  \u001b[0m] \u001b[1m\uacbd\uace0 \uba54\uc2dc\uc9c0                        \u001b[0m"
"\u001b[2m2025-12-27T15:21:48.224812Z\u001b[0m [\u001b[32m\u001b[1minfo     \u001b[0m] \u001b[1m\uc0c1\ud0dc \ub85c\ub4dc \uc644\ub8cc                      \u001b[0m \u001b[36mstates\u001b[0m=\u001b[35m0\u001b[0m \u001b[36murls\u001b[0m=\u001b[35m1\u001b[0m"
"\u001b[2m2025-12-27T15:21:48.224878Z\u001b[0m [\u001b[32m\u001b[1minfo     \u001b[0m] \u001b[1m\ud1b5\ud569 \ud14c\uc2a4\ud2b8 \uc2dc\uc791                     \u001b[0m"
"\u001b[2m2025-12-27T15:21:48.224908Z\u001b[0m [\u001b[32m\u001b[1minfo     \u001b[0m] \u001b[1m\ube0c\ub77c\uc6b0\uc800 \uc2dc\uc791                       \u001b[0m"
"\u001b[2m2025-12-27T15:21:49.006696Z\u001b[0m [\u001b[32m\u001b[1minfo     \u001b[0m] \u001b[1m\ube0c\ub77c\uc6b0\uc800 \uc2dc\uc791 \uc644\ub8cc                    \u001b[0m"
"\u001b[2m2025-12-27T15:21:49.007030Z\u001b[0m [\u001b[32m\u001b[1minfo     \u001b[0m] \u001b[1m\ud398\uc774\uc9c0 \uc774\ub3d9: https://example.com   \u001b[0m"
"\u001b[2m2025-12-27T15:21:49.652777Z\u001b[0m [\u001b[32m\u001b[1minfo     \u001b[0m] \u001b[1m\ud398\uc774\uc9c0 \ub85c\ub529 \uc644\ub8cc: https://example.com\u001b[0m"
"\u001b[2m2025-12-27T15:21:49.819599Z\u001b[0m [\u001b[32m\u001b[1minfo     \u001b[0m] \u001b[1m\ube0c\ub77c\uc6b0\uc800 \uc885\ub8cc                       \u001b[0m"
"\u001b[2m2025-12-27T15:21:49.970957Z\u001b[0m [\u001b[32m\u001b[1minfo     \u001b[0m] \u001b[1m\ube0c\ub77c\uc6b0\uc800 \uc885\ub8cc \uc644\ub8cc                    \u001b[0m"
"\u001b[2m2025-12-27T15:21:49.972918Z\u001b[0m [\u001b[32m\u001b[1minfo     \u001b[0m] \u001b[1m\ube0c\ub77c\uc6b0\uc800 \uc2dc\uc791                       \u001b[0m"
"\u001b[2m2025-12-27T15:21:50.791098Z\u001b[0m [\u001b[32m\u001b[1minfo     \u001b[0m] \u001b[1m\ube0c\ub77c\uc6b0\uc800 \uc2dc\uc791 \uc644\ub8cc                    \u001b[0m"
"\u001b[2m2025-12-27T15:21:50.791274Z\u001b[0m [\u001b[32m\u001b[1minfo     \u001b[0m] \u001b[1m\ud398\uc774\uc9c0 \uc774\ub3d9: https://hi-phone.kr/index.php?channel=list&cate=103001000000\u001b[0m"
"\u001b[2m2025-12-27T15:21:52.206317Z\u001b[0m [\u001b[32m\u001b[1minfo     \u001b[0m] \u001b[1m\ud398\uc774\uc9c0 \ub85c\ub529 \uc644\ub8cc: https://hi-phone.kr/index.php?channel=list&cate=103001000000\u001b[0m"
"\u001b[2m2025-12-27T15:21:55.268203Z\u001b[0m [\u001b[32m\u001b[1minfo     \u001b[0m] \u001b[1m\ube0c\ub77c\uc6b0\uc800 \uc885\ub8cc                       \u001b[0m"
"\u001b[2m2025-12-27T15:21:55.447566Z\u001b[0m [\u001b[32m\u001b[1minfo     \u001b[0m] \u001b[1m\ube0c\ub77c\uc6b0\uc800 \uc885\ub8cc \uc644\ub8cc                    \u001b[0m"
"\u001b[2m2025-12-27T15:21:55.449583Z\u001b[0m [\u001b[32m\u001b[1minfo     \u001b[0m] \u001b[1m\ube0c\ub77c\uc6b0\uc800 \uc2dc\uc791                       \u001b[0m"
"\u001b[2m2025-12-27T15:21:56.258163Z\u001b[0m [\u001b[32m\u001b[1minfo     \u001b[0m] \u001b[1m\ube0c\ub77c\uc6b0\uc800 \uc2dc\uc791 \uc644\ub8cc                    \u001b[0m"
"\u001b[2m2025-12-27T15:21:56.258333Z\u001b[0m [\u001b[32m\u001b[1minfo     \u001b[0m] \u001b[1m\ud398\uc774\uc9c0 \uc774\ub3d9: https://ddingphone.com/list?sst=c&cid=%EC%82%BC%EC%84%B1%EC%A0%84%EC%9E%90\u001b[0m"
"\u001b[2m2025-12-27T15:21:57.968939Z\u001b[0m [\u001b[32m\u001b[1minfo     \u001b[0m] \u001b[1m\ud398\uc774\uc9c0 \ub85c\ub529 \uc644\ub8cc: https://ddingphone.com/list?sst=c&cid=%EC%82%BC%EC%84%B1%EC%A0%84%EC%9E%90\u001b[0m"
"\u001b[2m2025-12-27T15:22:01.032762Z\u001b[0m [\u001b[32m\u001b[1minfo     \u001b[0m] \u001b[1m\ube0c\ub77c\uc6b0\uc800 \uc885\ub8cc                       \u001b[0m"
"\u001b[2m2025-12-27T15:22:01.189256Z\u001b[0m [\u001b[32m\u001b[1minfo     \u001b[0m] \u001b[1m\ube0c\ub77c\uc6b0\uc800 \uc885\ub8cc \uc644\ub8cc                    \u001b[0m"
