"\u001b[2m2025-12-30T12:21:45.925181Z\u001b[0m [\u001b[32m\u001b[1minfo     \u001b[0m] \u001b[1mLLM Client \ucd08\uae30\ud654                \u001b[0m \u001b[36mmodel\u001b[0m=\u001b[35mgemini-2.5-flash\u001b[0m \u001b[36mprovider\u001b[0m=\u001b[35mgemini\u001b[0m"
"\u001b[2m2025-12-30T12:21:45.925257Z\u001b[0m [\u001b[32m\u001b[1minfo     \u001b[0m] \u001b[1m\ube0c\ub77c\uc6b0\uc800 \uc2dc\uc791                       \u001b[0m"
"\u001b[2m2025-12-30T12:21:46.843286Z\u001b[0m [\u001b[32m\u001b[1minfo     \u001b[0m] \u001b[1m\ube0c\ub77c\uc6b0\uc800 \uc2dc\uc791 \uc644\ub8cc                    \u001b[0m"
"\u001b[2m2025-12-30T12:21:51.673864Z\u001b[0m [\u001b[32m\u001b[1minfo     \u001b[0m] \u001b[1m\ud83d\udda5\ufe0f ScreenExtractor \ucd08\uae30\ud654        \u001b[0m"
"\u001b[2m2025-12-30T12:21:53.687986Z\u001b[0m [\u001b[32m\u001b[1minfo     \u001b[0m] \u001b[1m\ud83d\udcb0 \uac00\uaca9 \uc815\ubcf4 \ucd94\ucd9c \uc911...               \u001b[0m"
"\u001b[2m2025-12-30T12:21:53.805390Z\u001b[0m [\u001b[32m\u001b[1minfo     \u001b[0m] \u001b[1m   \uac00\uaca9 HTML \ucd94\ucd9c: 1505 bytes     \u001b[0m"
"\u001b[2m2025-12-30T12:21:53.805489Z\u001b[0m [\u001b[32m\u001b[1minfo     \u001b[0m] \u001b[1m   Vision API \ud638\ucd9c \uc911...         \u001b[0m"
"\u001b[2m2025-12-30T12:22:10.396839Z\u001b[0m [\u001b[32m\u001b[1minfo     \u001b[0m] \u001b[1m   Vision API \uc751\ub2f5 \ubc1b\uc74c: 243 chars\u001b[0m"
"\u001b[2m2025-12-30T12:22:10.397146Z\u001b[0m [\u001b[32m\u001b[1minfo     \u001b[0m] \u001b[1m\u2705 \uac00\uaca9 \ucd94\ucd9c \uc644\ub8cc (Vision)           \u001b[0m"
"\u001b[2m2025-12-30T12:22:10.397228Z\u001b[0m [\u001b[32m\u001b[1minfo     \u001b[0m] \u001b[1m   \ucd9c\uace0\uac00: 1,980,000\uc6d0            \u001b[0m"
"\u001b[2m2025-12-30T12:22:10.397287Z\u001b[0m [\u001b[32m\u001b[1minfo     \u001b[0m] \u001b[1m   \ucd94\uac00\uc9c0\uc6d0\uae08: -550,000\uc6d0           \u001b[0m"
"\u001b[2m2025-12-30T12:22:10.397345Z\u001b[0m [\u001b[32m\u001b[1minfo     \u001b[0m] \u001b[1m   \ud560\ubd80\uc6d0\uae08: 1,430,000\uc6d0           \u001b[0m"
"\u001b[2m2025-12-30T12:22:10.397398Z\u001b[0m [\u001b[32m\u001b[1minfo     \u001b[0m] \u001b[1m   \uc6d4 \ud560\ubd80\uae08: 63,314\uc6d0             \u001b[0m"
"\u001b[2m2025-12-30T12:22:10.397449Z\u001b[0m [\u001b[32m\u001b[1minfo     \u001b[0m] \u001b[1m   \ucd5c\uc885\uac00: 145,064\uc6d0              \u001b[0m"
"\u001b[2m2025-12-30T12:22:10.397499Z\u001b[0m [\u001b[32m\u001b[1minfo     \u001b[0m] \u001b[1m   \uc694\uae08\uc81c: 5GX \ud504\ub9ac\ubbf8\uc5c4 (109,000\uc6d0/\uc6d4) \u001b[0m"
"\u001b[2m2025-12-30T12:22:12.426448Z\u001b[0m [\u001b[32m\u001b[1minfo     \u001b[0m] \u001b[1m\ud83d\udcb0 \uac00\uaca9 \uc815\ubcf4 \ucd94\ucd9c \uc911...               \u001b[0m"
"\u001b[2m2025-12-30T12:22:12.535268Z\u001b[0m [\u001b[32m\u001b[1minfo     \u001b[0m] \u001b[1m   \uac00\uaca9 HTML \ucd94\ucd9c: 1505 bytes     \u001b[0m"
"\u001b[2m2025-12-30T12:22:12.535373Z\u001b[0m [\u001b[32m\u001b[1minfo     \u001b[0m] \u001b[1m   Vision API \ud638\ucd9c \uc911...         \u001b[0m"
"\u001b[2m2025-12-30T12:22:26.072609Z\u001b[0m [\u001b[32m\u001b[1minfo     \u001b[0m] \u001b[1m   Vision API \uc751\ub2f5 \ubc1b\uc74c: 243 chars\u001b[0m"
"\u001b[2m2025-12-30T12:22:26.073120Z\u001b[0m [\u001b[32m\u001b[1minfo     \u001b[0m] \u001b[1m\u2705 \uac00\uaca9 \ucd94\ucd9c \uc644\ub8cc (Vision)           \u001b[0m"
"\u001b[2m2025-12-30T12:22:26.073232Z\u001b[0m [\u001b[32m\u001b[1minfo     \u001b[0m] \u001b[1m   \ucd9c\uace0\uac00: 1,980,000\uc6d0            \u001b[0m"
"\u001b[2m2025-12-30T12:22:26.073286Z\u001b[0m [\u001b[32m\u001b[1minfo     \u001b[0m] \u001b[1m   \ucd94\uac00\uc9c0\uc6d0\uae08: -300,000\uc6d0           \u001b[0m"
"\u001b[2m2025-12-30T12:22:26.073326Z\u001b[0m [\u001b[32m\u001b[1minfo     \u001b[0m] \u001b[1m   \ud560\ubd80\uc6d0\uae08: 1,680,000\uc6d0           \u001b[0m"
"\u001b[2m2025-12-30T12:22:26.073359Z\u001b[0m [\u001b[32m\u001b[1minfo     \u001b[0m] \u001b[1m   \uc6d4 \ud560\ubd80\uae08: 74,383\uc6d0             \u001b[0m"
"\u001b[2m2025-12-30T12:22:26.073393Z\u001b[0m [\u001b[32m\u001b[1minfo     \u001b[0m] \u001b[1m   \ucd5c\uc885\uac00: 156,133\uc6d0              \u001b[0m"
"\u001b[2m2025-12-30T12:22:26.073445Z\u001b[0m [\u001b[32m\u001b[1minfo     \u001b[0m] \u001b[1m   \uc694\uae08\uc81c: 5GX \ud504\ub9ac\ubbf8\uc5c4 (109,000\uc6d0/\uc6d4) \u001b[0m"
"\u001b[2m2025-12-30T12:22:26.076036Z\u001b[0m [\u001b[32m\u001b[1minfo     \u001b[0m] \u001b[1m\ube0c\ub77c\uc6b0\uc800 \uc885\ub8cc                       \u001b[0m"
"\u001b[2m2025-12-30T12:22:26.269163Z\u001b[0m [\u001b[32m\u001b[1minfo     \u001b[0m] \u001b[1m\ube0c\ub77c\uc6b0\uc800 \uc885\ub8cc \uc644\ub8cc                    \u001b[0m"
